[2023-12-13T13:55:53.924+0100][gc,heap] Heap region size: 1M
[2023-12-13T13:55:53.930+0100][gc     ] Using G1
[2023-12-13T13:55:53.930+0100][gc,heap,coops] Heap address: 0x00000000c0000000, size: 1024 MB, Compressed Oops mode: 32-bit
[2023-12-13T13:55:53.930+0100][gc,cds       ] Mark closed archive regions in map: [0x00000000ffc00000, 0x00000000ffc6bff8]
[2023-12-13T13:55:53.930+0100][gc,cds       ] Mark open archive regions in map: [0x00000000ff800000, 0x00000000ff847ff8]
[2023-12-13T13:55:54.264+0100][gc,start     ] GC(0) Pause Young (Normal) (G1 Evacuation Pause)
[2023-12-13T13:55:54.265+0100][gc,task      ] GC(0) Using 18 workers of 18 for evacuation
[2023-12-13T13:55:54.269+0100][gc,phases    ] GC(0)   Pre Evacuate Collection Set: 0,0ms
[2023-12-13T13:55:54.269+0100][gc,phases    ] GC(0)   Evacuate Collection Set: 3,5ms
[2023-12-13T13:55:54.269+0100][gc,phases    ] GC(0)   Post Evacuate Collection Set: 0,2ms
[2023-12-13T13:55:54.269+0100][gc,phases    ] GC(0)   Other: 0,8ms
[2023-12-13T13:55:54.269+0100][gc,heap      ] GC(0) Eden regions: 51->0(44)
[2023-12-13T13:55:54.269+0100][gc,heap      ] GC(0) Survivor regions: 0->7(7)
[2023-12-13T13:55:54.269+0100][gc,heap      ] GC(0) Old regions: 2->2
[2023-12-13T13:55:54.269+0100][gc,heap      ] GC(0) Humongous regions: 0->0
[2023-12-13T13:55:54.269+0100][gc,metaspace ] GC(0) Metaspace: 14128K(14720K)->14128K(14720K) NonClass: 12407K(12800K)->12407K(12800K) Class: 1721K(1920K)->1721K(1920K)
[2023-12-13T13:55:54.269+0100][gc           ] GC(0) Pause Young (Normal) (G1 Evacuation Pause) 51M->7M(1024M) 4,551ms
[2023-12-13T13:55:54.269+0100][gc,cpu       ] GC(0) User=0,05s Sys=0,00s Real=0,00s
[2023-12-13T13:55:54.604+0100][gc,start     ] GC(1) Pause Young (Concurrent Start) (Metadata GC Threshold)
[2023-12-13T13:55:54.604+0100][gc,task      ] GC(1) Using 18 workers of 18 for evacuation
[2023-12-13T13:55:54.608+0100][gc,phases    ] GC(1)   Pre Evacuate Collection Set: 0,0ms
[2023-12-13T13:55:54.608+0100][gc,phases    ] GC(1)   Evacuate Collection Set: 3,3ms
[2023-12-13T13:55:54.608+0100][gc,phases    ] GC(1)   Post Evacuate Collection Set: 0,2ms
[2023-12-13T13:55:54.608+0100][gc,phases    ] GC(1)   Other: 0,1ms
[2023-12-13T13:55:54.608+0100][gc,heap      ] GC(1) Eden regions: 30->0(49)
[2023-12-13T13:55:54.608+0100][gc,heap      ] GC(1) Survivor regions: 7->2(7)
[2023-12-13T13:55:54.608+0100][gc,heap      ] GC(1) Old regions: 2->9
[2023-12-13T13:55:54.608+0100][gc,heap      ] GC(1) Humongous regions: 0->0
[2023-12-13T13:55:54.608+0100][gc,metaspace ] GC(1) Metaspace: 20610K(21248K)->20610K(21248K) NonClass: 18130K(18432K)->18130K(18432K) Class: 2480K(2816K)->2480K(2816K)
[2023-12-13T13:55:54.608+0100][gc           ] GC(1) Pause Young (Concurrent Start) (Metadata GC Threshold) 36M->8M(1024M) 3,674ms
[2023-12-13T13:55:54.608+0100][gc,cpu       ] GC(1) User=0,03s Sys=0,01s Real=0,00s
[2023-12-13T13:55:54.608+0100][gc           ] GC(2) Concurrent Cycle
[2023-12-13T13:55:54.608+0100][gc,marking   ] GC(2) Concurrent Clear Claimed Marks
[2023-12-13T13:55:54.608+0100][gc,marking   ] GC(2) Concurrent Clear Claimed Marks 0,010ms
[2023-12-13T13:55:54.608+0100][gc,marking   ] GC(2) Concurrent Scan Root Regions
[2023-12-13T13:55:54.608+0100][gc,marking   ] GC(2) Concurrent Scan Root Regions 0,375ms
[2023-12-13T13:55:54.608+0100][gc,marking   ] GC(2) Concurrent Mark (0,686s)
[2023-12-13T13:55:54.608+0100][gc,marking   ] GC(2) Concurrent Mark From Roots
[2023-12-13T13:55:54.608+0100][gc,task      ] GC(2) Using 5 workers of 5 for marking
[2023-12-13T13:55:54.609+0100][gc,marking   ] GC(2) Concurrent Mark From Roots 1,265ms
[2023-12-13T13:55:54.609+0100][gc,marking   ] GC(2) Concurrent Preclean
[2023-12-13T13:55:54.609+0100][gc,marking   ] GC(2) Concurrent Preclean 0,048ms
[2023-12-13T13:55:54.609+0100][gc,marking   ] GC(2) Concurrent Mark (0,686s, 0,688s) 1,321ms
[2023-12-13T13:55:54.609+0100][gc,start     ] GC(2) Pause Remark
[2023-12-13T13:55:54.614+0100][gc,stringtable] GC(2) Cleaned string and symbol table, strings: 5699 processed, 0 removed, symbols: 52847 processed, 46 removed
[2023-12-13T13:55:54.614+0100][gc            ] GC(2) Pause Remark 8M->8M(1024M) 4,331ms
[2023-12-13T13:55:54.614+0100][gc,cpu        ] GC(2) User=0,07s Sys=0,00s Real=0,01s
[2023-12-13T13:55:54.614+0100][gc,marking    ] GC(2) Concurrent Rebuild Remembered Sets
[2023-12-13T13:55:54.615+0100][gc,marking    ] GC(2) Concurrent Rebuild Remembered Sets 0,743ms
[2023-12-13T13:55:54.615+0100][gc,start      ] GC(2) Pause Cleanup
[2023-12-13T13:55:54.615+0100][gc            ] GC(2) Pause Cleanup 8M->8M(1024M) 0,076ms
[2023-12-13T13:55:54.615+0100][gc,cpu        ] GC(2) User=0,00s Sys=0,00s Real=0,00s
[2023-12-13T13:55:54.615+0100][gc,marking    ] GC(2) Concurrent Cleanup for Next Mark
[2023-12-13T13:55:54.615+0100][gc,marking    ] GC(2) Concurrent Cleanup for Next Mark 0,831ms
[2023-12-13T13:55:54.615+0100][gc            ] GC(2) Concurrent Cycle 7,820ms
[2023-12-13T13:55:54.839+0100][gc,start      ] GC(3) Pause Young (Normal) (G1 Evacuation Pause)
[2023-12-13T13:55:54.839+0100][gc,task       ] GC(3) Using 18 workers of 18 for evacuation
[2023-12-13T13:55:54.840+0100][gc,phases     ] GC(3)   Pre Evacuate Collection Set: 0,0ms
[2023-12-13T13:55:54.840+0100][gc,phases     ] GC(3)   Evacuate Collection Set: 1,0ms
[2023-12-13T13:55:54.840+0100][gc,phases     ] GC(3)   Post Evacuate Collection Set: 0,3ms
[2023-12-13T13:55:54.840+0100][gc,phases     ] GC(3)   Other: 0,1ms
[2023-12-13T13:55:54.840+0100][gc,heap       ] GC(3) Eden regions: 49->0(46)
[2023-12-13T13:55:54.840+0100][gc,heap       ] GC(3) Survivor regions: 2->5(7)
[2023-12-13T13:55:54.840+0100][gc,heap       ] GC(3) Old regions: 9->9
[2023-12-13T13:55:54.840+0100][gc,heap       ] GC(3) Humongous regions: 129->129
[2023-12-13T13:55:54.840+0100][gc,metaspace  ] GC(3) Metaspace: 28694K(29952K)->28694K(29952K) NonClass: 25379K(26112K)->25379K(26112K) Class: 3315K(3840K)->3315K(3840K)
[2023-12-13T13:55:54.841+0100][gc            ] GC(3) Pause Young (Normal) (G1 Evacuation Pause) 186M->140M(1024M) 1,474ms
[2023-12-13T13:55:54.841+0100][gc,cpu        ] GC(3) User=0,03s Sys=0,00s Real=0,00s
[2023-12-13T13:55:54.974+0100][gc,start      ] GC(4) Pause Young (Concurrent Start) (Metadata GC Threshold)
[2023-12-13T13:55:54.974+0100][gc,task       ] GC(4) Using 18 workers of 18 for evacuation
[2023-12-13T13:55:54.976+0100][gc,phases     ] GC(4)   Pre Evacuate Collection Set: 0,1ms
[2023-12-13T13:55:54.976+0100][gc,phases     ] GC(4)   Evacuate Collection Set: 1,2ms
[2023-12-13T13:55:54.976+0100][gc,phases     ] GC(4)   Post Evacuate Collection Set: 0,2ms
[2023-12-13T13:55:54.976+0100][gc,phases     ] GC(4)   Other: 0,2ms
[2023-12-13T13:55:54.976+0100][gc,heap       ] GC(4) Eden regions: 30->0(48)
[2023-12-13T13:55:54.976+0100][gc,heap       ] GC(4) Survivor regions: 5->3(7)
[2023-12-13T13:55:54.976+0100][gc,heap       ] GC(4) Old regions: 9->14
[2023-12-13T13:55:54.976+0100][gc,heap       ] GC(4) Humongous regions: 129->129
[2023-12-13T13:55:54.976+0100][gc,metaspace  ] GC(4) Metaspace: 34387K(35840K)->34387K(35840K) NonClass: 30381K(31232K)->30381K(31232K) Class: 4006K(4608K)->4006K(4608K)
[2023-12-13T13:55:54.976+0100][gc            ] GC(4) Pause Young (Concurrent Start) (Metadata GC Threshold) 170M->143M(1024M) 1,688ms
[2023-12-13T13:55:54.976+0100][gc,cpu        ] GC(4) User=0,03s Sys=0,00s Real=0,00s
[2023-12-13T13:55:54.976+0100][gc            ] GC(5) Concurrent Cycle
[2023-12-13T13:55:54.976+0100][gc,marking    ] GC(5) Concurrent Clear Claimed Marks
[2023-12-13T13:55:54.976+0100][gc,marking    ] GC(5) Concurrent Clear Claimed Marks 0,020ms
[2023-12-13T13:55:54.976+0100][gc,marking    ] GC(5) Concurrent Scan Root Regions
[2023-12-13T13:55:54.976+0100][gc,marking    ] GC(5) Concurrent Scan Root Regions 0,409ms
[2023-12-13T13:55:54.976+0100][gc,marking    ] GC(5) Concurrent Mark (1,054s)
[2023-12-13T13:55:54.976+0100][gc,marking    ] GC(5) Concurrent Mark From Roots
[2023-12-13T13:55:54.976+0100][gc,task       ] GC(5) Using 5 workers of 5 for marking
[2023-12-13T13:55:54.979+0100][gc,marking    ] GC(5) Concurrent Mark From Roots 3,267ms
[2023-12-13T13:55:54.979+0100][gc,marking    ] GC(5) Concurrent Preclean
[2023-12-13T13:55:54.980+0100][gc,marking    ] GC(5) Concurrent Preclean 0,167ms
[2023-12-13T13:55:54.980+0100][gc,marking    ] GC(5) Concurrent Mark (1,054s, 1,058s) 3,465ms
[2023-12-13T13:55:54.980+0100][gc,start      ] GC(5) Pause Remark
[2023-12-13T13:55:54.985+0100][gc,stringtable] GC(5) Cleaned string and symbol table, strings: 11510 processed, 13 removed, symbols: 86133 processed, 14 removed
[2023-12-13T13:55:54.985+0100][gc            ] GC(5) Pause Remark 144M->144M(1024M) 5,673ms
[2023-12-13T13:55:54.985+0100][gc,cpu        ] GC(5) User=0,09s Sys=0,00s Real=0,01s
[2023-12-13T13:55:54.985+0100][gc,marking    ] GC(5) Concurrent Rebuild Remembered Sets
[2023-12-13T13:55:54.987+0100][gc,marking    ] GC(5) Concurrent Rebuild Remembered Sets 1,991ms
[2023-12-13T13:55:54.988+0100][gc,start      ] GC(5) Pause Cleanup
[2023-12-13T13:55:54.988+0100][gc            ] GC(5) Pause Cleanup 145M->145M(1024M) 0,111ms
[2023-12-13T13:55:54.988+0100][gc,cpu        ] GC(5) User=0,00s Sys=0,00s Real=0,00s
[2023-12-13T13:55:54.988+0100][gc,marking    ] GC(5) Concurrent Cleanup for Next Mark
[2023-12-13T13:55:54.989+0100][gc,marking    ] GC(5) Concurrent Cleanup for Next Mark 1,054ms
[2023-12-13T13:55:54.989+0100][gc            ] GC(5) Concurrent Cycle 13,022ms
[2023-12-13T14:18:54.223+0100][gc,start      ] GC(6) Pause Young (Normal) (G1 Evacuation Pause)
[2023-12-13T14:18:54.223+0100][gc,task       ] GC(6) Using 18 workers of 18 for evacuation
[2023-12-13T14:18:54.228+0100][gc,phases     ] GC(6)   Pre Evacuate Collection Set: 0,0ms
[2023-12-13T14:18:54.228+0100][gc,phases     ] GC(6)   Evacuate Collection Set: 3,9ms
[2023-12-13T14:18:54.228+0100][gc,phases     ] GC(6)   Post Evacuate Collection Set: 1,3ms
[2023-12-13T14:18:54.228+0100][gc,phases     ] GC(6)   Other: 0,3ms
[2023-12-13T14:18:54.228+0100][gc,heap       ] GC(6) Eden regions: 48->0(47)
[2023-12-13T14:18:54.228+0100][gc,heap       ] GC(6) Survivor regions: 3->4(7)
[2023-12-13T14:18:54.228+0100][gc,heap       ] GC(6) Old regions: 14->14
[2023-12-13T14:18:54.228+0100][gc,heap       ] GC(6) Humongous regions: 129->129
[2023-12-13T14:18:54.228+0100][gc,metaspace  ] GC(6) Metaspace: 40469K(42956K)->40469K(42956K) NonClass: 35241K(36556K)->35241K(36556K) Class: 5228K(6400K)->5228K(6400K)
[2023-12-13T14:18:54.228+0100][gc            ] GC(6) Pause Young (Normal) (G1 Evacuation Pause) 191M->144M(1024M) 5,463ms
[2023-12-13T14:18:54.228+0100][gc,cpu        ] GC(6) User=0,06s Sys=0,01s Real=0,01s
[2023-12-13T15:22:54.222+0100][gc,start      ] GC(7) Pause Young (Normal) (G1 Evacuation Pause)
[2023-12-13T15:22:54.222+0100][gc,task       ] GC(7) Using 18 workers of 18 for evacuation
[2023-12-13T15:22:54.224+0100][gc,phases     ] GC(7)   Pre Evacuate Collection Set: 0,1ms
[2023-12-13T15:22:54.224+0100][gc,phases     ] GC(7)   Evacuate Collection Set: 0,9ms
[2023-12-13T15:22:54.224+0100][gc,phases     ] GC(7)   Post Evacuate Collection Set: 1,1ms
[2023-12-13T15:22:54.224+0100][gc,phases     ] GC(7)   Other: 0,2ms
[2023-12-13T15:22:54.224+0100][gc,heap       ] GC(7) Eden regions: 47->0(47)
[2023-12-13T15:22:54.224+0100][gc,heap       ] GC(7) Survivor regions: 4->4(7)
[2023-12-13T15:22:54.224+0100][gc,heap       ] GC(7) Old regions: 14->14
[2023-12-13T15:22:54.224+0100][gc,heap       ] GC(7) Humongous regions: 129->129
[2023-12-13T15:22:54.224+0100][gc,metaspace  ] GC(7) Metaspace: 40775K(43212K)->40775K(43212K) NonClass: 35541K(36812K)->35541K(36812K) Class: 5233K(6400K)->5233K(6400K)
[2023-12-13T15:22:54.224+0100][gc            ] GC(7) Pause Young (Normal) (G1 Evacuation Pause) 191M->144M(1024M) 2,344ms
[2023-12-13T15:22:54.224+0100][gc,cpu        ] GC(7) User=0,02s Sys=0,00s Real=0,01s
[2023-12-13T16:25:00.942+0100][gc,start      ] GC(8) Pause Young (Normal) (G1 Evacuation Pause)
[2023-12-13T16:25:00.942+0100][gc,task       ] GC(8) Using 18 workers of 18 for evacuation
[2023-12-13T16:25:00.947+0100][gc,phases     ] GC(8)   Pre Evacuate Collection Set: 0,0ms
[2023-12-13T16:25:00.947+0100][gc,phases     ] GC(8)   Evacuate Collection Set: 3,8ms
[2023-12-13T16:25:00.947+0100][gc,phases     ] GC(8)   Post Evacuate Collection Set: 0,7ms
[2023-12-13T16:25:00.947+0100][gc,phases     ] GC(8)   Other: 0,3ms
[2023-12-13T16:25:00.947+0100][gc,heap       ] GC(8) Eden regions: 47->0(47)
[2023-12-13T16:25:00.947+0100][gc,heap       ] GC(8) Survivor regions: 4->4(7)
[2023-12-13T16:25:00.947+0100][gc,heap       ] GC(8) Old regions: 14->14
[2023-12-13T16:25:00.947+0100][gc,heap       ] GC(8) Humongous regions: 129->129
[2023-12-13T16:25:00.947+0100][gc,metaspace  ] GC(8) Metaspace: 40960K(43468K)->40960K(43468K) NonClass: 35702K(37068K)->35702K(37068K) Class: 5257K(6400K)->5257K(6400K)
[2023-12-13T16:25:00.947+0100][gc            ] GC(8) Pause Young (Normal) (G1 Evacuation Pause) 191M->144M(1024M) 4,961ms
[2023-12-13T16:25:00.947+0100][gc,cpu        ] GC(8) User=0,06s Sys=0,00s Real=0,01s
[2023-12-13T16:25:01.380+0100][gc,heap,exit  ] Heap
[2023-12-13T16:25:01.381+0100][gc,heap,exit  ]  garbage-first heap   total 1048576K, used 155686K [0x00000000c0000000, 0x0000000100000000)
[2023-12-13T16:25:01.381+0100][gc,heap,exit  ]   region size 1024K, 13 young (13312K), 4 survivors (4096K)
[2023-12-13T16:25:01.381+0100][gc,heap,exit  ]  Metaspace       used 41627K, capacity 44109K, committed 44364K, reserved 1087488K
[2023-12-13T16:25:01.381+0100][gc,heap,exit  ]   class space    used 5440K, capacity 6678K, committed 6784K, reserved 1048576K
