[2023-12-13T13:54:10.019+0100][gc,heap] Heap region size: 1M
[2023-12-13T13:54:10.029+0100][gc     ] Using G1
[2023-12-13T13:54:10.029+0100][gc,heap,coops] Heap address: 0x00000000e0000000, size: 512 MB, Compressed Oops mode: 32-bit
[2023-12-13T13:54:10.029+0100][gc,cds       ] Mark closed archive regions in map: [0x00000000ffc00000, 0x00000000ffc6bff8]
[2023-12-13T13:54:10.029+0100][gc,cds       ] Mark open archive regions in map: [0x00000000ff800000, 0x00000000ff847ff8]
[2023-12-13T13:54:10.204+0100][gc,start     ] GC(0) Pause Young (Normal) (G1 Evacuation Pause)
[2023-12-13T13:54:10.204+0100][gc,task      ] GC(0) Using 12 workers of 18 for evacuation
[2023-12-13T13:54:10.206+0100][gc,phases    ] GC(0)   Pre Evacuate Collection Set: 0,0ms
[2023-12-13T13:54:10.206+0100][gc,phases    ] GC(0)   Evacuate Collection Set: 2,3ms
[2023-12-13T13:54:10.206+0100][gc,phases    ] GC(0)   Post Evacuate Collection Set: 0,1ms
[2023-12-13T13:54:10.206+0100][gc,phases    ] GC(0)   Other: 0,3ms
[2023-12-13T13:54:10.206+0100][gc,heap      ] GC(0) Eden regions: 25->0(21)
[2023-12-13T13:54:10.206+0100][gc,heap      ] GC(0) Survivor regions: 0->4(4)
[2023-12-13T13:54:10.206+0100][gc,heap      ] GC(0) Old regions: 2->6
[2023-12-13T13:54:10.206+0100][gc,heap      ] GC(0) Humongous regions: 0->0
[2023-12-13T13:54:10.206+0100][gc,metaspace ] GC(0) Metaspace: 7360K(7936K)->7360K(7936K) NonClass: 6540K(6912K)->6540K(6912K) Class: 820K(1024K)->820K(1024K)
[2023-12-13T13:54:10.206+0100][gc           ] GC(0) Pause Young (Normal) (G1 Evacuation Pause) 25M->7M(512M) 2,699ms
[2023-12-13T13:54:10.206+0100][gc,cpu       ] GC(0) User=0,02s Sys=0,01s Real=0,00s
[2023-12-13T13:55:01.253+0100][gc,heap,exit ] Heap
[2023-12-13T13:55:01.253+0100][gc,heap,exit ]  garbage-first heap   total 524288K, used 13106K [0x00000000e0000000, 0x0000000100000000)
[2023-12-13T13:55:01.253+0100][gc,heap,exit ]   region size 1024K, 10 young (10240K), 4 survivors (4096K)
[2023-12-13T13:55:01.253+0100][gc,heap,exit ]  Metaspace       used 8174K, capacity 8563K, committed 8832K, reserved 1056768K
[2023-12-13T13:55:01.253+0100][gc,heap,exit ]   class space    used 908K, capacity 1054K, committed 1152K, reserved 1048576K
