[2023-12-13T13:55:36.563+0100][gc,heap] Heap region size: 1M
[2023-12-13T13:55:36.570+0100][gc     ] Using G1
[2023-12-13T13:55:36.570+0100][gc,heap,coops] Heap address: 0x00000000e0000000, size: 512 MB, Compressed Oops mode: 32-bit
[2023-12-13T13:55:36.570+0100][gc,cds       ] Mark closed archive regions in map: [0x00000000ffc00000, 0x00000000ffc6bff8]
[2023-12-13T13:55:36.570+0100][gc,cds       ] Mark open archive regions in map: [0x00000000ff800000, 0x00000000ff847ff8]
[2023-12-13T13:55:36.744+0100][gc,start     ] GC(0) Pause Young (Normal) (G1 Evacuation Pause)
[2023-12-13T13:55:36.744+0100][gc,task      ] GC(0) Using 12 workers of 18 for evacuation
[2023-12-13T13:55:36.746+0100][gc,phases    ] GC(0)   Pre Evacuate Collection Set: 0,0ms
[2023-12-13T13:55:36.746+0100][gc,phases    ] GC(0)   Evacuate Collection Set: 2,2ms
[2023-12-13T13:55:36.746+0100][gc,phases    ] GC(0)   Post Evacuate Collection Set: 0,1ms
[2023-12-13T13:55:36.746+0100][gc,phases    ] GC(0)   Other: 0,3ms
[2023-12-13T13:55:36.746+0100][gc,heap      ] GC(0) Eden regions: 25->0(21)
[2023-12-13T13:55:36.746+0100][gc,heap      ] GC(0) Survivor regions: 0->4(4)
[2023-12-13T13:55:36.746+0100][gc,heap      ] GC(0) Old regions: 2->5
[2023-12-13T13:55:36.746+0100][gc,heap      ] GC(0) Humongous regions: 0->0
[2023-12-13T13:55:36.746+0100][gc,metaspace ] GC(0) Metaspace: 7362K(7936K)->7362K(7936K) NonClass: 6542K(6912K)->6542K(6912K) Class: 820K(1024K)->820K(1024K)
[2023-12-13T13:55:36.746+0100][gc           ] GC(0) Pause Young (Normal) (G1 Evacuation Pause) 25M->7M(512M) 2,665ms
[2023-12-13T13:55:36.746+0100][gc,cpu       ] GC(0) User=0,02s Sys=0,00s Real=0,00s
[2023-12-13T16:25:00.925+0100][gc,start     ] GC(1) Pause Young (Normal) (G1 Evacuation Pause)
[2023-12-13T16:25:00.925+0100][gc,task      ] GC(1) Using 12 workers of 18 for evacuation
[2023-12-13T16:25:00.932+0100][gc,phases    ] GC(1)   Pre Evacuate Collection Set: 0,1ms
[2023-12-13T16:25:00.932+0100][gc,phases    ] GC(1)   Evacuate Collection Set: 6,9ms
[2023-12-13T16:25:00.932+0100][gc,phases    ] GC(1)   Post Evacuate Collection Set: 0,2ms
[2023-12-13T16:25:00.932+0100][gc,phases    ] GC(1)   Other: 0,6ms
[2023-12-13T16:25:00.932+0100][gc,heap      ] GC(1) Eden regions: 21->0(24)
[2023-12-13T16:25:00.932+0100][gc,heap      ] GC(1) Survivor regions: 4->1(4)
[2023-12-13T16:25:00.932+0100][gc,heap      ] GC(1) Old regions: 5->9
[2023-12-13T16:25:00.932+0100][gc,heap      ] GC(1) Humongous regions: 0->0
[2023-12-13T16:25:00.932+0100][gc,metaspace ] GC(1) Metaspace: 9360K(9984K)->9360K(9984K) NonClass: 8375K(8704K)->8375K(8704K) Class: 984K(1280K)->984K(1280K)
[2023-12-13T16:25:00.932+0100][gc           ] GC(1) Pause Young (Normal) (G1 Evacuation Pause) 28M->8M(512M) 7,625ms
[2023-12-13T16:25:00.932+0100][gc,cpu       ] GC(1) User=0,08s Sys=0,00s Real=0,01s
[2023-12-13T16:25:00.933+0100][gc,heap,exit ] Heap
[2023-12-13T16:25:00.933+0100][gc,heap,exit ]  garbage-first heap   total 524288K, used 8546K [0x00000000e0000000, 0x0000000100000000)
[2023-12-13T16:25:00.933+0100][gc,heap,exit ]   region size 1024K, 2 young (2048K), 1 survivors (1024K)
[2023-12-13T16:25:00.933+0100][gc,heap,exit ]  Metaspace       used 9361K, capacity 9692K, committed 9984K, reserved 1058816K
[2023-12-13T16:25:00.933+0100][gc,heap,exit ]   class space    used 984K, capacity 1153K, committed 1280K, reserved 1048576K
